AL c=10 v=0
AL c=13 v=0
AL c=14 v=0
AL c=16 v=0
AL c=18 v=0
AL c=25 v=0
AL c=26 v=0
AL c=29 v=0
AL c=30 v=0
AL c=32 v=0
AL c=9 v=0
AN c=10 v=1
AN c=13 v=1
AN c=14 v=1
AN c=16 v=1
AN c=18 v=1
AN c=25 v=1
AN c=26 v=1
AN c=29 v=1
AN c=30 v=1
AN c=32 v=1
AN c=9 v=1
EL c=10 v=0
EL c=13 v=0
EL c=14 v=0
EL c=16 v=0
EL c=18 v=0
EL c=25 v=0
EL c=26 v=0
EL c=29 v=0
EL c=30 v=0
EL c=32 v=0
EL c=9 v=0
FL c=10 v=c
FL c=13 v=7
FL c=14 v=0
FL c=16 v=1
FL c=18 v=e
FL c=25 v=d
FL c=26 v=a
FL c=29 v=7
FL c=30 v=0
FL c=32 v=1
FL c=9 v=f
FR c=10 v=c
FR c=13 v=7
FR c=14 v=0
FR c=16 v=1
FR c=18 v=e
FR c=25 v=d
FR c=26 v=a
FR c=29 v=7
FR c=30 v=0
FR c=32 v=1
FR c=9 v=f
