checking package dependencies
compiling ContextTooWeakDeferred.bsv
Error: "ContextTooWeakDeferred.bsv", line 14, column 41: (T0033)
  There is not enough explicit type information to deduce the types of all
  expressions. Consider adding more type declarations to help resolve this
  ambiguity.
    An ambiguous type was introduced at "ContextTooWeakDeferred.bsv", line 16,
    column 58
    This type resulted from:
      The proviso Mul#(max_elems, b__, a__) introduced in or at the following
      locations:
	"ContextTooWeakDeferred.bsv", line 16, column 58
Error: "ContextTooWeakDeferred.bsv", line 18, column 61: (T0020)
  Type error at:
    bs

  Expected type:
    Vector::Vector#(max_elems, Bit#(a__))

  Inferred type:
    Vector::Vector#(max_elems, Vector::Vector#(e_bytes, Bit#(8)))

