                2218	Out Data =  9
                2486	Out Data = 12
                2754	Out Data = 15
                3022	Out Data = 18
                3290	Out Data = 21
                3558	Out Data = 24
                3826	Out Data = 27
                4094	Out Data = 30
                4362	Out Data = 33
                4630	Out Data = 36
                4898	Out Data = 39
                5166	Out Data = 42
                5434	Out Data = 45
                5702	Out Data = 48
                5970	Out Data = 51
                6238	Out Data = 54
                6506	Out Data = 57
                6774	Out Data = 60
                7042	Out Data = 63
                7310	Out Data = 66
                7578	Out Data = 69
                7846	Out Data = 72
                8114	Out Data = 75
                8382	Out Data = 78
                8650	Out Data = 81
                8918	Out Data = 84
                9186	Out Data = 87
                9454	Out Data = 90
                9722	Out Data = 93
